// Jest Snapshot v1, https://goo.gl/fbAQLP

exports[`parse schema.jsona 1`] = `
{
  "errors": null,
  "value": {
    "$defs": {
      "Object": {
        "properties": {
          "k1": {
            "type": "string",
          },
          "k2": {
            "type": "string",
          },
        },
        "type": "object",
      },
    },
    "properties": {
      "_": {
        "properties": {
          "value": {
            "description": "A value",
            "properties": {
              "array": {
                "oneOf": [
                  {
                    "type": "integer",
                  },
                  {
                    "type": "string",
                  },
                ],
              },
              "bool": {
                "default": true,
                "type": "boolean",
              },
              "float": {
                "type": "number",
              },
              "integer": {
                "maximum": 10,
                "type": "integer",
              },
              "null": {},
              "object1": {
                "$ref": "#/$defs/Object",
              },
              "object2": {
                "$ref": "#/$defs/Object",
              },
              "object3": {
                "patternProperties": {
                  ".*": {
                    "type": "string",
                  },
                },
                "type": "object",
              },
              "string": {
                "enum": [
                  "apple",
                  "orange",
                  "banana",
                ],
                "type": "string",
              },
            },
            "required": [
              "float",
            ],
            "type": "object",
          },
        },
        "type": "object",
      },
      "bool": {
        "description": "A bool annotation",
        "properties": {
          "value": {
            "type": "boolean",
          },
        },
        "type": "object",
      },
      "null": {
        "description": "A null annotation",
        "properties": {
          "value": {
            "type": "null",
          },
        },
        "type": "object",
      },
      "object": {
        "description": "A object annotation",
        "properties": {
          "value": {
            "properties": {
              "k1": {
                "type": "string",
              },
              "k2": {
                "type": "string",
              },
            },
            "type": "object",
          },
        },
        "type": "object",
      },
    },
    "type": "object",
  },
}
`;
